Archive member included to satisfy reference by file (symbol)

e:/stm32cubeide_1.12.0/stm32cubeide/plugins/com.st.stm32cube.ide.mcu.externaltools.gnu-tools-for-stm32.10.3-2021.10.win32_1.0.200.202301161003/tools/bin/../lib/gcc/arm-none-eabi/10.3.1/../../../../arm-none-eabi/lib/thumb/v7e-m+fp/hard\libc_nano.a(lib_a-errno.o)
                              ./Core/Src/syscalls.o (__errno)
e:/stm32cubeide_1.12.0/stm32cubeide/plugins/com.st.stm32cube.ide.mcu.externaltools.gnu-tools-for-stm32.10.3-2021.10.win32_1.0.200.202301161003/tools/bin/../lib/gcc/arm-none-eabi/10.3.1/../../../../arm-none-eabi/lib/thumb/v7e-m+fp/hard\libc_nano.a(lib_a-exit.o)
                              e:/stm32cubeide_1.12.0/stm32cubeide/plugins/com.st.stm32cube.ide.mcu.externaltools.gnu-tools-for-stm32.10.3-2021.10.win32_1.0.200.202301161003/tools/bin/../lib/gcc/arm-none-eabi/10.3.1/../../../../arm-none-eabi/lib/thumb/v7e-m+fp/hard/crt0.o (exit)
e:/stm32cubeide_1.12.0/stm32cubeide/plugins/com.st.stm32cube.ide.mcu.externaltools.gnu-tools-for-stm32.10.3-2021.10.win32_1.0.200.202301161003/tools/bin/../lib/gcc/arm-none-eabi/10.3.1/../../../../arm-none-eabi/lib/thumb/v7e-m+fp/hard\libc_nano.a(lib_a-impure.o)
                              e:/stm32cubeide_1.12.0/stm32cubeide/plugins/com.st.stm32cube.ide.mcu.externaltools.gnu-tools-for-stm32.10.3-2021.10.win32_1.0.200.202301161003/tools/bin/../lib/gcc/arm-none-eabi/10.3.1/../../../../arm-none-eabi/lib/thumb/v7e-m+fp/hard\libc_nano.a(lib_a-exit.o) (_global_impure_ptr)
e:/stm32cubeide_1.12.0/stm32cubeide/plugins/com.st.stm32cube.ide.mcu.externaltools.gnu-tools-for-stm32.10.3-2021.10.win32_1.0.200.202301161003/tools/bin/../lib/gcc/arm-none-eabi/10.3.1/../../../../arm-none-eabi/lib/thumb/v7e-m+fp/hard\libc_nano.a(lib_a-init.o)
                              e:/stm32cubeide_1.12.0/stm32cubeide/plugins/com.st.stm32cube.ide.mcu.externaltools.gnu-tools-for-stm32.10.3-2021.10.win32_1.0.200.202301161003/tools/bin/../lib/gcc/arm-none-eabi/10.3.1/../../../../arm-none-eabi/lib/thumb/v7e-m+fp/hard/crt0.o (__libc_init_array)
e:/stm32cubeide_1.12.0/stm32cubeide/plugins/com.st.stm32cube.ide.mcu.externaltools.gnu-tools-for-stm32.10.3-2021.10.win32_1.0.200.202301161003/tools/bin/../lib/gcc/arm-none-eabi/10.3.1/../../../../arm-none-eabi/lib/thumb/v7e-m+fp/hard\libc_nano.a(lib_a-memcpy-stub.o)
                              ./Core/Src/main.o (memcpy)
e:/stm32cubeide_1.12.0/stm32cubeide/plugins/com.st.stm32cube.ide.mcu.externaltools.gnu-tools-for-stm32.10.3-2021.10.win32_1.0.200.202301161003/tools/bin/../lib/gcc/arm-none-eabi/10.3.1/../../../../arm-none-eabi/lib/thumb/v7e-m+fp/hard\libc_nano.a(lib_a-memset.o)
                              e:/stm32cubeide_1.12.0/stm32cubeide/plugins/com.st.stm32cube.ide.mcu.externaltools.gnu-tools-for-stm32.10.3-2021.10.win32_1.0.200.202301161003/tools/bin/../lib/gcc/arm-none-eabi/10.3.1/../../../../arm-none-eabi/lib/thumb/v7e-m+fp/hard/crt0.o (memset)
e:/stm32cubeide_1.12.0/stm32cubeide/plugins/com.st.stm32cube.ide.mcu.externaltools.gnu-tools-for-stm32.10.3-2021.10.win32_1.0.200.202301161003/tools/bin/../lib/gcc/arm-none-eabi/10.3.1/thumb/v7e-m+fp/hard\libgcc.a(_aeabi_uldivmod.o)
                              ./Drivers/STM32F4xx_HAL_Driver/Src/stm32f4xx_hal_rcc.o (__aeabi_uldivmod)
e:/stm32cubeide_1.12.0/stm32cubeide/plugins/com.st.stm32cube.ide.mcu.externaltools.gnu-tools-for-stm32.10.3-2021.10.win32_1.0.200.202301161003/tools/bin/../lib/gcc/arm-none-eabi/10.3.1/thumb/v7e-m+fp/hard\libgcc.a(_udivmoddi4.o)
                              e:/stm32cubeide_1.12.0/stm32cubeide/plugins/com.st.stm32cube.ide.mcu.externaltools.gnu-tools-for-stm32.10.3-2021.10.win32_1.0.200.202301161003/tools/bin/../lib/gcc/arm-none-eabi/10.3.1/thumb/v7e-m+fp/hard\libgcc.a(_aeabi_uldivmod.o) (__udivmoddi4)
e:/stm32cubeide_1.12.0/stm32cubeide/plugins/com.st.stm32cube.ide.mcu.externaltools.gnu-tools-for-stm32.10.3-2021.10.win32_1.0.200.202301161003/tools/bin/../lib/gcc/arm-none-eabi/10.3.1/thumb/v7e-m+fp/hard\libgcc.a(_dvmd_tls.o)
                              e:/stm32cubeide_1.12.0/stm32cubeide/plugins/com.st.stm32cube.ide.mcu.externaltools.gnu-tools-for-stm32.10.3-2021.10.win32_1.0.200.202301161003/tools/bin/../lib/gcc/arm-none-eabi/10.3.1/thumb/v7e-m+fp/hard\libgcc.a(_aeabi_uldivmod.o) (__aeabi_ldiv0)

Discarded input sections

 .text          0x0000000000000000        0x0 e:/stm32cubeide_1.12.0/stm32cubeide/plugins/com.st.stm32cube.ide.mcu.externaltools.gnu-tools-for-stm32.10.3-2021.10.win32_1.0.200.202301161003/tools/bin/../lib/gcc/arm-none-eabi/10.3.1/thumb/v7e-m+fp/hard/crti.o
 .data          0x0000000000000000        0x0 e:/stm32cubeide_1.12.0/stm32cubeide/plugins/com.st.stm32cube.ide.mcu.externaltools.gnu-tools-for-stm32.10.3-2021.10.win32_1.0.200.202301161003/tools/bin/../lib/gcc/arm-none-eabi/10.3.1/thumb/v7e-m+fp/hard/crti.o
[...]
Memory Configuration

Name             Origin             Length             Attributes
RAM              0x0000000020000000 0x0000000000018000 xrw
FLASH            0x0000000008000000 0x0000000000080000 xr
*default*        0x0000000000000000 0xffffffffffffffff

Linker script and memory map

LOAD e:/stm32cubeide_1.12.0/stm32cubeide/plugins/com.st.stm32cube.ide.mcu.externaltools.gnu-tools-for-stm32.10.3-2021.10.win32_1.0.200.202301161003/tools/bin/../lib/gcc/arm-none-eabi/10.3.1/thumb/v7e-m+fp/hard/crti.o
LOAD e:/stm32cubeide_1.12.0/stm32cubeide/plugins/com.st.stm32cube.ide.mcu.externaltools.gnu-tools-for-stm32.10.3-2021.10.win32_1.0.200.202301161003/tools/bin/../lib/gcc/arm-none-eabi/10.3.1/thumb/v7e-m+fp/hard/crtbegin.o
LOAD e:/stm32cubeide_1.12.0/stm32cubeide/plugins/com.st.stm32cube.ide.mcu.externaltools.gnu-tools-for-stm32.10.3-2021.10.win32_1.0.200.202301161003/tools/bin/../lib/gcc/arm-none-eabi/10.3.1/../../../../arm-none-eabi/lib/thumb/v7e-m+fp/hard/crt0.o
LOAD ./Core/Src/main.o
LOAD ./Core/Src/stm32f4xx_hal_msp.o
LOAD ./Core/Src/stm32f4xx_it.o
LOAD ./Core/Src/syscalls.o
LOAD ./Core/Src/sysmem.o
LOAD ./Core/Src/system_stm32f4xx.o
LOAD ./Core/Startup/startup_stm32f401retx.o
LOAD ./Drivers/STM32F4xx_HAL_Driver/Src/stm32f4xx_hal.o
LOAD ./Drivers/STM32F4xx_HAL_Driver/Src/stm32f4xx_hal_cortex.o
LOAD ./Drivers/STM32F4xx_HAL_Driver/Src/stm32f4xx_hal_crc.o
LOAD ./Drivers/STM32F4xx_HAL_Driver/Src/stm32f4xx_hal_dma.o
LOAD ./Drivers/STM32F4xx_HAL_Driver/Src/stm32f4xx_hal_dma_ex.o
LOAD ./Drivers/STM32F4xx_HAL_Driver/Src/stm32f4xx_hal_exti.o
LOAD ./Drivers/STM32F4xx_HAL_Driver/Src/stm32f4xx_hal_flash.o
LOAD ./Drivers/STM32F4xx_HAL_Driver/Src/stm32f4xx_hal_flash_ex.o
LOAD ./Drivers/STM32F4xx_HAL_Driver/Src/stm32f4xx_hal_flash_ramfunc.o
LOAD ./Drivers/STM32F4xx_HAL_Driver/Src/stm32f4xx_hal_gpio.o
LOAD ./Drivers/STM32F4xx_HAL_Driver/Src/stm32f4xx_hal_pwr.o
LOAD ./Drivers/STM32F4xx_HAL_Driver/Src/stm32f4xx_hal_pwr_ex.o
LOAD ./Drivers/STM32F4xx_HAL_Driver/Src/stm32f4xx_hal_rcc.o
LOAD ./Drivers/STM32F4xx_HAL_Driver/Src/stm32f4xx_hal_rcc_ex.o
LOAD ./Drivers/STM32F4xx_HAL_Driver/Src/stm32f4xx_hal_tim.o
LOAD ./Drivers/STM32F4xx_HAL_Driver/Src/stm32f4xx_hal_tim_ex.o
LOAD ./Drivers/STM32F4xx_HAL_Driver/Src/stm32f4xx_hal_uart.o
START GROUP
LOAD e:/stm32cubeide_1.12.0/stm32cubeide/plugins/com.st.stm32cube.ide.mcu.externaltools.gnu-tools-for-stm32.10.3-2021.10.win32_1.0.200.202301161003/tools/bin/../lib/gcc/arm-none-eabi/10.3.1/../../../../arm-none-eabi/lib/thumb/v7e-m+fp/hard\libc_nano.a
LOAD e:/stm32cubeide_1.12.0/stm32cubeide/plugins/com.st.stm32cube.ide.mcu.externaltools.gnu-tools-for-stm32.10.3-2021.10.win32_1.0.200.202301161003/tools/bin/../lib/gcc/arm-none-eabi/10.3.1/../../../../arm-none-eabi/lib/thumb/v7e-m+fp/hard\libm.a
END GROUP
START GROUP
LOAD e:/stm32cubeide_1.12.0/stm32cubeide/plugins/com.st.stm32cube.ide.mcu.externaltools.gnu-tools-for-stm32.10.3-2021.10.win32_1.0.200.202301161003/tools/bin/../lib/gcc/arm-none-eabi/10.3.1/thumb/v7e-m+fp/hard\libgcc.a
LOAD e:/stm32cubeide_1.12.0/stm32cubeide/plugins/com.st.stm32cube.ide.mcu.externaltools.gnu-tools-for-stm32.10.3-2021.10.win32_1.0.200.202301161003/tools/bin/../lib/gcc/arm-none-eabi/10.3.1/../../../../arm-none-eabi/lib/thumb/v7e-m+fp/hard\libc_nano.a
END GROUP
START GROUP
LOAD e:/stm32cubeide_1.12.0/stm32cubeide/plugins/com.st.stm32cube.ide.mcu.externaltools.gnu-tools-for-stm32.10.3-2021.10.win32_1.0.200.202301161003/tools/bin/../lib/gcc/arm-none-eabi/10.3.1/thumb/v7e-m+fp/hard\libgcc.a
LOAD e:/stm32cubeide_1.12.0/stm32cubeide/plugins/com.st.stm32cube.ide.mcu.externaltools.gnu-tools-for-stm32.10.3-2021.10.win32_1.0.200.202301161003/tools/bin/../lib/gcc/arm-none-eabi/10.3.1/../../../../arm-none-eabi/lib/thumb/v7e-m+fp/hard\libc_nano.a
LOAD e:/stm32cubeide_1.12.0/stm32cubeide/plugins/com.st.stm32cube.ide.mcu.externaltools.gnu-tools-for-stm32.10.3-2021.10.win32_1.0.200.202301161003/tools/bin/../lib/gcc/arm-none-eabi/10.3.1/../../../../arm-none-eabi/lib/thumb/v7e-m+fp/hard\libnosys.a
END GROUP
START GROUP
LOAD e:/stm32cubeide_1.12.0/stm32cubeide/plugins/com.st.stm32cube.ide.mcu.externaltools.gnu-tools-for-stm32.10.3-2021.10.win32_1.0.200.202301161003/tools/bin/../lib/gcc/arm-none-eabi/10.3.1/thumb/v7e-m+fp/hard\libgcc.a
LOAD e:/stm32cubeide_1.12.0/stm32cubeide/plugins/com.st.stm32cube.ide.mcu.externaltools.gnu-tools-for-stm32.10.3-2021.10.win32_1.0.200.202301161003/tools/bin/../lib/gcc/arm-none-eabi/10.3.1/../../../../arm-none-eabi/lib/thumb/v7e-m+fp/hard\libc_nano.a
LOAD e:/stm32cubeide_1.12.0/stm32cubeide/plugins/com.st.stm32cube.ide.mcu.externaltools.gnu-tools-for-stm32.10.3-2021.10.win32_1.0.200.202301161003/tools/bin/../lib/gcc/arm-none-eabi/10.3.1/../../../../arm-none-eabi/lib/thumb/v7e-m+fp/hard\libnosys.a
END GROUP
LOAD e:/stm32cubeide_1.12.0/stm32cubeide/plugins/com.st.stm32cube.ide.mcu.externaltools.gnu-tools-for-stm32.10.3-2021.10.win32_1.0.200.202301161003/tools/bin/../lib/gcc/arm-none-eabi/10.3.1/thumb/v7e-m+fp/hard/crtend.o
LOAD e:/stm32cubeide_1.12.0/stm32cubeide/plugins/com.st.stm32cube.ide.mcu.externaltools.gnu-tools-for-stm32.10.3-2021.10.win32_1.0.200.202301161003/tools/bin/../lib/gcc/arm-none-eabi/10.3.1/thumb/v7e-m+fp/hard/crtn.o
                0x0000000020018000                _estack = (ORIGIN (RAM) + LENGTH (RAM))
                0x0000000000000200                _Min_Heap_Size = 0x200
                0x0000000000000400                _Min_Stack_Size = 0x400

.isr_vector     0x0000000008000000      0x194
                0x0000000008000000                . = ALIGN (0x4)
 *(.isr_vector)
 .isr_vector    0x0000000008000000      0x194 ./Core/Startup/startup_stm32f401retx.o
                0x0000000008000000                g_pfnVectors
                0x0000000008000194                . = ALIGN (0x4)

.text           0x0000000008000194     0x3be4
                0x0000000008000194                . = ALIGN (0x4)
 *(.text)
 .text          0x0000000008000194       0x40 e:/stm32cubeide_1.12.0/stm32cubeide/plugins/com.st.stm32cube.ide.mcu.externaltools.gnu-tools-for-stm32.10.3-2021.10.win32_1.0.200.202301161003/tools/bin/../lib/gcc/arm-none-eabi/10.3.1/thumb/v7e-m+fp/hard/crtbegin.o
 .text          0x00000000080001d4       0x30 e:/stm32cubeide_1.12.0/stm32cubeide/plugins/com.st.stm32cube.ide.mcu.externaltools.gnu-tools-for-stm32.10.3-2021.10.win32_1.0.200.202301161003/tools/bin/../lib/gcc/arm-none-eabi/10.3.1/thumb/v7e-m+fp/hard\libgcc.a(_aeabi_uldivmod.o)
                0x00000000080001d4                __aeabi_uldivmod
 .text          0x0000000008000204      0x2d0 e:/stm32cubeide_1.12.0/stm32cubeide/plugins/com.st.stm32cube.ide.mcu.externaltools.gnu-tools-for-stm32.10.3-2021.10.win32_1.0.200.202301161003/tools/bin/../lib/gcc/arm-none-eabi/10.3.1/thumb/v7e-m+fp/hard\libgcc.a(_udivmoddi4.o)
                0x0000000008000204                __udivmoddi4
 .text          0x00000000080004d4        0x4 e:/stm32cubeide_1.12.0/stm32cubeide/plugins/com.st.stm32cube.ide.mcu.externaltools.gnu-tools-for-stm32.10.3-2021.10.win32_1.0.200.202301161003/tools/bin/../lib/gcc/arm-none-eabi/10.3.1/thumb/v7e-m+fp/hard\libgcc.a(_dvmd_tls.o)
                0x00000000080004d4                __aeabi_idiv0
                0x00000000080004d4                __aeabi_ldiv0
 *(.text*)
 .text.main     0x00000000080004d8      0x1e4 ./Core/Src/main.o
                0x00000000080004d8                main
 .text.SystemClock_Config
                0x00000000080006bc       0xd8 ./Core/Src/main.o
                0x00000000080006bc                SystemClock_Config
 .text.MX_CRC_Init
                0x0000000008000794       0x28 ./Core/Src/main.o
 .text.MX_USART2_UART_Init
                0x00000000080007bc       0x54 ./Core/Src/main.o
 .text.MX_USART6_UART_Init
                0x0000000008000810       0x54 ./Core/Src/main.o
 .text.MX_DMA_Init
                0x0000000008000864       0x40 ./Core/Src/main.o
 .text.MX_GPIO_Init
                0x00000000080008a4       0xdc ./Core/Src/main.o
 .text.convertir_ascii
                0x0000000008000980       0x56 ./Core/Src/main.o
                0x0000000008000980                convertir_ascii
 *fill*         0x00000000080009d6        0x2 
 .text.Receive_handler
                0x00000000080009d8       0xb8 ./Core/Src/main.o
                0x00000000080009d8                Receive_handler
 .text.print    0x0000000008000a90       0x28 ./Core/Src/main.o
                0x0000000008000a90                print
 .text.send_ack
                0x0000000008000ab8       0xe4 ./Core/Src/main.o
                0x0000000008000ab8                send_ack
 .text.HAL_UARTEx_RxEventCallback
                0x0000000008000b9c      0x118 ./Core/Src/main.o
                0x0000000008000b9c                HAL_UARTEx_RxEventCallback
 .text.Error_Handler
                0x0000000008000cb4        0xa ./Core/Src/main.o
                0x0000000008000cb4                Error_Handler
 *fill*         0x0000000008000cbe        0x2 
 .text.HAL_MspInit
                0x0000000008000cc0       0x50 ./Core/Src/stm32f4xx_hal_msp.o
                0x0000000008000cc0                HAL_MspInit
 .text.HAL_CRC_MspInit
                0x0000000008000d10       0x44 ./Core/Src/stm32f4xx_hal_msp.o
                0x0000000008000d10                HAL_CRC_MspInit
 .text.HAL_UART_MspInit
                0x0000000008000d54      0x16c ./Core/Src/stm32f4xx_hal_msp.o
                0x0000000008000d54                HAL_UART_MspInit
 .text.NMI_Handler
                0x0000000008000ec0        0x6 ./Core/Src/stm32f4xx_it.o
                0x0000000008000ec0                NMI_Handler
 .text.HardFault_Handler
                0x0000000008000ec6        0x6 ./Core/Src/stm32f4xx_it.o
                0x0000000008000ec6                HardFault_Handler
 .text.MemManage_Handler
                0x0000000008000ecc        0x6 ./Core/Src/stm32f4xx_it.o
                0x0000000008000ecc                MemManage_Handler
 .text.BusFault_Handler
                0x0000000008000ed2        0x6 ./Core/Src/stm32f4xx_it.o
                0x0000000008000ed2                BusFault_Handler
 .text.UsageFault_Handler
                0x0000000008000ed8        0x6 ./Core/Src/stm32f4xx_it.o
                0x0000000008000ed8                UsageFault_Handler
 .text.SVC_Handler
                0x0000000008000ede        0xe ./Core/Src/stm32f4xx_it.o
                0x0000000008000ede                SVC_Handler
 .text.DebugMon_Handler
                0x0000000008000eec        0xe ./Core/Src/stm32f4xx_it.o
                0x0000000008000eec                DebugMon_Handler
 .text.PendSV_Handler
                0x0000000008000efa        0xe ./Core/Src/stm32f4xx_it.o
                0x0000000008000efa                PendSV_Handler
 .text.SysTick_Handler
                0x0000000008000f08        0xc ./Core/Src/stm32f4xx_it.o
                0x0000000008000f08                SysTick_Handler
 .text.DMA1_Stream5_IRQHandler
                0x0000000008000f14       0x14 ./Core/Src/stm32f4xx_it.o
                0x0000000008000f14                DMA1_Stream5_IRQHandler
 .text.USART6_IRQHandler
                0x0000000008000f28       0x14 ./Core/Src/stm32f4xx_it.o
                0x0000000008000f28                USART6_IRQHandler
 .text.SystemInit
                0x0000000008000f3c       0x24 ./Core/Src/system_stm32f4xx.o
                0x0000000008000f3c                SystemInit
 .text.Reset_Handler
                0x0000000008000f60       0x50 ./Core/Startup/startup_stm32f401retx.o
                0x0000000008000f60                Reset_Handler
 .text.Default_Handler
                0x0000000008000fb0        0x2 ./Core/Startup/startup_stm32f401retx.o
                0x0000000008000fb0                RTC_Alarm_IRQHandler
                0x0000000008000fb0                EXTI2_IRQHandler
                0x0000000008000fb0                SPI4_IRQHandler
                0x0000000008000fb0                TIM1_CC_IRQHandler
                0x0000000008000fb0                DMA2_Stream5_IRQHandler
                0x0000000008000fb0                PVD_IRQHandler
                0x0000000008000fb0                SDIO_IRQHandler
                0x0000000008000fb0                TAMP_STAMP_IRQHandler
                0x0000000008000fb0                EXTI3_IRQHandler
                0x0000000008000fb0                TIM1_UP_TIM10_IRQHandler
                0x0000000008000fb0                I2C3_ER_IRQHandler
                0x0000000008000fb0                EXTI0_IRQHandler
                0x0000000008000fb0                I2C2_EV_IRQHandler
                0x0000000008000fb0                DMA1_Stream2_IRQHandler
                0x0000000008000fb0                FPU_IRQHandler
                0x0000000008000fb0                DMA2_Stream2_IRQHandler
                0x0000000008000fb0                SPI1_IRQHandler
                0x0000000008000fb0                TIM1_BRK_TIM9_IRQHandler
                0x0000000008000fb0                DMA2_Stream3_IRQHandler
                0x0000000008000fb0                DMA2_Stream0_IRQHandler
                0x0000000008000fb0                TIM4_IRQHandler
                0x0000000008000fb0                I2C1_EV_IRQHandler
                0x0000000008000fb0                DMA1_Stream6_IRQHandler
                0x0000000008000fb0                DMA1_Stream1_IRQHandler
                0x0000000008000fb0                TIM3_IRQHandler
                0x0000000008000fb0                RCC_IRQHandler
                0x0000000008000fb0                Default_Handler
                0x0000000008000fb0                EXTI15_10_IRQHandler
                0x0000000008000fb0                ADC_IRQHandler
                0x0000000008000fb0                DMA1_Stream7_IRQHandler
                0x0000000008000fb0                TIM5_IRQHandler
                0x0000000008000fb0                DMA2_Stream7_IRQHandler
                0x0000000008000fb0                I2C3_EV_IRQHandler
                0x0000000008000fb0                EXTI9_5_IRQHandler
                0x0000000008000fb0                RTC_WKUP_IRQHandler
                0x0000000008000fb0                SPI2_IRQHandler
                0x0000000008000fb0                DMA1_Stream0_IRQHandler
                0x0000000008000fb0                EXTI4_IRQHandler
                0x0000000008000fb0                WWDG_IRQHandler
                0x0000000008000fb0                TIM2_IRQHandler
                0x0000000008000fb0                OTG_FS_WKUP_IRQHandler
                0x0000000008000fb0                TIM1_TRG_COM_TIM11_IRQHandler
                0x0000000008000fb0                EXTI1_IRQHandler
                0x0000000008000fb0                USART2_IRQHandler
                0x0000000008000fb0                I2C2_ER_IRQHandler
                0x0000000008000fb0                DMA2_Stream1_IRQHandler
                0x0000000008000fb0                FLASH_IRQHandler
                0x0000000008000fb0                DMA2_Stream4_IRQHandler
                0x0000000008000fb0                USART1_IRQHandler
                0x0000000008000fb0                OTG_FS_IRQHandler
                0x0000000008000fb0                SPI3_IRQHandler
                0x0000000008000fb0                DMA1_Stream4_IRQHandler
                0x0000000008000fb0                I2C1_ER_IRQHandler
                0x0000000008000fb0                DMA2_Stream6_IRQHandler
                0x0000000008000fb0                DMA1_Stream3_IRQHandler
 *fill*         0x0000000008000fb2        0x2 
 .text.HAL_Init
                0x0000000008000fb4       0x44 ./Drivers/STM32F4xx_HAL_Driver/Src/stm32f4xx_hal.o
                0x0000000008000fb4                HAL_Init
 .text.HAL_InitTick
                0x0000000008000ff8       0x60 ./Drivers/STM32F4xx_HAL_Driver/Src/stm32f4xx_hal.o
                0x0000000008000ff8                HAL_InitTick
 .text.HAL_IncTick
                0x0000000008001058       0x28 ./Drivers/STM32F4xx_HAL_Driver/Src/stm32f4xx_hal.o
                0x0000000008001058                HAL_IncTick
 .text.HAL_GetTick
                0x0000000008001080       0x18 ./Drivers/STM32F4xx_HAL_Driver/Src/stm32f4xx_hal.o
                0x0000000008001080                HAL_GetTick
 .text.HAL_Delay
                0x0000000008001098       0x48 ./Drivers/STM32F4xx_HAL_Driver/Src/stm32f4xx_hal.o
                0x0000000008001098                HAL_Delay
 .text.__NVIC_SetPriorityGrouping
                0x00000000080010e0       0x48 ./Drivers/STM32F4xx_HAL_Driver/Src/stm32f4xx_hal_cortex.o
 .text.__NVIC_GetPriorityGrouping
                0x0000000008001128       0x1c ./Drivers/STM32F4xx_HAL_Driver/Src/stm32f4xx_hal_cortex.o
 .text.__NVIC_EnableIRQ
                0x0000000008001144       0x3c ./Drivers/STM32F4xx_HAL_Driver/Src/stm32f4xx_hal_cortex.o
 .text.__NVIC_SetPriority
                0x0000000008001180       0x54 ./Drivers/STM32F4xx_HAL_Driver/Src/stm32f4xx_hal_cortex.o
 .text.NVIC_EncodePriority
                0x00000000080011d4       0x66 ./Drivers/STM32F4xx_HAL_Driver/Src/stm32f4xx_hal_cortex.o
 *fill*         0x000000000800123a        0x2 
 .text.SysTick_Config
                0x000000000800123c       0x44 ./Drivers/STM32F4xx_HAL_Driver/Src/stm32f4xx_hal_cortex.o
 .text.HAL_NVIC_SetPriorityGrouping
                0x0000000008001280       0x16 ./Drivers/STM32F4xx_HAL_Driver/Src/stm32f4xx_hal_cortex.o
                0x0000000008001280                HAL_NVIC_SetPriorityGrouping
 .text.HAL_NVIC_SetPriority
                0x0000000008001296       0x38 ./Drivers/STM32F4xx_HAL_Driver/Src/stm32f4xx_hal_cortex.o
                0x0000000008001296                HAL_NVIC_SetPriority
 .text.HAL_NVIC_EnableIRQ
                0x00000000080012ce       0x1c ./Drivers/STM32F4xx_HAL_Driver/Src/stm32f4xx_hal_cortex.o
                0x00000000080012ce                HAL_NVIC_EnableIRQ
 .text.HAL_SYSTICK_Config
                0x00000000080012ea       0x18 ./Drivers/STM32F4xx_HAL_Driver/Src/stm32f4xx_hal_cortex.o
                0x00000000080012ea                HAL_SYSTICK_Config
 .text.HAL_CRC_Init
                0x0000000008001302       0x38 ./Drivers/STM32F4xx_HAL_Driver/Src/stm32f4xx_hal_crc.o
                0x0000000008001302                HAL_CRC_Init
 .text.HAL_CRC_Calculate
                0x000000000800133a       0x66 ./Drivers/STM32F4xx_HAL_Driver/Src/stm32f4xx_hal_crc.o
                0x000000000800133a                HAL_CRC_Calculate
 .text.HAL_DMA_Init
                0x00000000080013a0      0x15c ./Drivers/STM32F4xx_HAL_Driver/Src/stm32f4xx_hal_dma.o
                0x00000000080013a0                HAL_DMA_Init
 .text.HAL_DMA_Start_IT
                0x00000000080014fc       0xb0 ./Drivers/STM32F4xx_HAL_Driver/Src/stm32f4xx_hal_dma.o
                0x00000000080014fc                HAL_DMA_Start_IT
 .text.HAL_DMA_Abort
                0x00000000080015ac       0xe0 ./Drivers/STM32F4xx_HAL_Driver/Src/stm32f4xx_hal_dma.o
                0x00000000080015ac                HAL_DMA_Abort
 .text.HAL_DMA_Abort_IT
                0x000000000800168c       0x44 ./Drivers/STM32F4xx_HAL_Driver/Src/stm32f4xx_hal_dma.o
                0x000000000800168c                HAL_DMA_Abort_IT
 .text.HAL_DMA_IRQHandler
                0x00000000080016d0      0x314 ./Drivers/STM32F4xx_HAL_Driver/Src/stm32f4xx_hal_dma.o
                0x00000000080016d0                HAL_DMA_IRQHandler
 .text.DMA_SetConfig
                0x00000000080019e4       0x5c ./Drivers/STM32F4xx_HAL_Driver/Src/stm32f4xx_hal_dma.o
 .text.DMA_CalcBaseAndBitshift
                0x0000000008001a40       0x6c ./Drivers/STM32F4xx_HAL_Driver/Src/stm32f4xx_hal_dma.o
 .text.DMA_CheckFifoParam
                0x0000000008001aac       0xf8 ./Drivers/STM32F4xx_HAL_Driver/Src/stm32f4xx_hal_dma.o
 .text.HAL_GPIO_Init
                0x0000000008001ba4      0x308 ./Drivers/STM32F4xx_HAL_Driver/Src/stm32f4xx_hal_gpio.o
                0x0000000008001ba4                HAL_GPIO_Init
 .text.HAL_GPIO_WritePin
                0x0000000008001eac       0x32 ./Drivers/STM32F4xx_HAL_Driver/Src/stm32f4xx_hal_gpio.o
                0x0000000008001eac                HAL_GPIO_WritePin
 *fill*         0x0000000008001ede        0x2 
 .text.HAL_RCC_OscConfig
                0x0000000008001ee0      0x4f0 ./Drivers/STM32F4xx_HAL_Driver/Src/stm32f4xx_hal_rcc.o
                0x0000000008001ee0                HAL_RCC_OscConfig
 .text.HAL_RCC_ClockConfig
                0x00000000080023d0      0x1cc ./Drivers/STM32F4xx_HAL_Driver/Src/stm32f4xx_hal_rcc.o
                0x00000000080023d0                HAL_RCC_ClockConfig
 .text.HAL_RCC_GetSysClockFreq
                0x000000000800259c      0x20c ./Drivers/STM32F4xx_HAL_Driver/Src/stm32f4xx_hal_rcc.o
                0x000000000800259c                HAL_RCC_GetSysClockFreq
 .text.HAL_RCC_GetHCLKFreq
                0x00000000080027a8       0x18 ./Drivers/STM32F4xx_HAL_Driver/Src/stm32f4xx_hal_rcc.o
                0x00000000080027a8                HAL_RCC_GetHCLKFreq
 .text.HAL_RCC_GetPCLK1Freq
                0x00000000080027c0       0x28 ./Drivers/STM32F4xx_HAL_Driver/Src/stm32f4xx_hal_rcc.o
                0x00000000080027c0                HAL_RCC_GetPCLK1Freq
 .text.HAL_RCC_GetPCLK2Freq
                0x00000000080027e8       0x28 ./Drivers/STM32F4xx_HAL_Driver/Src/stm32f4xx_hal_rcc.o
                0x00000000080027e8                HAL_RCC_GetPCLK2Freq
 .text.HAL_UART_Init
                0x0000000008002810       0x9a ./Drivers/STM32F4xx_HAL_Driver/Src/stm32f4xx_hal_uart.o
                0x0000000008002810                HAL_UART_Init
 .text.HAL_UART_Transmit
                0x00000000080028aa      0x124 ./Drivers/STM32F4xx_HAL_Driver/Src/stm32f4xx_hal_uart.o
                0x00000000080028aa                HAL_UART_Transmit
 .text.HAL_UART_Receive_IT
                0x00000000080029ce       0x60 ./Drivers/STM32F4xx_HAL_Driver/Src/stm32f4xx_hal_uart.o
                0x00000000080029ce                HAL_UART_Receive_IT
 .text.HAL_UART_Receive_DMA
                0x0000000008002a2e       0x60 ./Drivers/STM32F4xx_HAL_Driver/Src/stm32f4xx_hal_uart.o
                0x0000000008002a2e                HAL_UART_Receive_DMA
 *fill*         0x0000000008002a8e        0x2 
 .text.HAL_UART_IRQHandler
                0x0000000008002a90      0x51c ./Drivers/STM32F4xx_HAL_Driver/Src/stm32f4xx_hal_uart.o
                0x0000000008002a90                HAL_UART_IRQHandler
 .text.HAL_UART_TxCpltCallback
                0x0000000008002fac       0x14 ./Drivers/STM32F4xx_HAL_Driver/Src/stm32f4xx_hal_uart.o
                0x0000000008002fac                HAL_UART_TxCpltCallback
 .text.HAL_UART_RxCpltCallback
                0x0000000008002fc0       0x14 ./Drivers/STM32F4xx_HAL_Driver/Src/stm32f4xx_hal_uart.o
                0x0000000008002fc0                HAL_UART_RxCpltCallback
 .text.HAL_UART_RxHalfCpltCallback
                0x0000000008002fd4       0x14 ./Drivers/STM32F4xx_HAL_Driver/Src/stm32f4xx_hal_uart.o
                0x0000000008002fd4                HAL_UART_RxHalfCpltCallback
 .text.HAL_UART_ErrorCallback
                0x0000000008002fe8       0x14 ./Drivers/STM32F4xx_HAL_Driver/Src/stm32f4xx_hal_uart.o
                0x0000000008002fe8                HAL_UART_ErrorCallback
 .text.UART_DMAReceiveCplt
                0x0000000008002ffc      0x126 ./Drivers/STM32F4xx_HAL_Driver/Src/stm32f4xx_hal_uart.o
 .text.UART_DMARxHalfCplt
                0x0000000008003122       0x36 ./Drivers/STM32F4xx_HAL_Driver/Src/stm32f4xx_hal_uart.o
 .text.UART_DMAError
                0x0000000008003158       0x94 ./Drivers/STM32F4xx_HAL_Driver/Src/stm32f4xx_hal_uart.o
 .text.UART_WaitOnFlagUntilTimeout
                0x00000000080031ec       0xdc ./Drivers/STM32F4xx_HAL_Driver/Src/stm32f4xx_hal_uart.o
 .text.UART_Start_Receive_IT
                0x00000000080032c8       0x7c ./Drivers/STM32F4xx_HAL_Driver/Src/stm32f4xx_hal_uart.o
                0x00000000080032c8                UART_Start_Receive_IT
 .text.UART_Start_Receive_DMA
                0x0000000008003344      0x13c ./Drivers/STM32F4xx_HAL_Driver/Src/stm32f4xx_hal_uart.o
                0x0000000008003344                UART_Start_Receive_DMA
 .text.UART_EndTxTransfer
                0x0000000008003480       0x50 ./Drivers/STM32F4xx_HAL_Driver/Src/stm32f4xx_hal_uart.o
 .text.UART_EndRxTransfer
                0x00000000080034d0       0xc6 ./Drivers/STM32F4xx_HAL_Driver/Src/stm32f4xx_hal_uart.o
 .text.UART_DMAAbortOnError
                0x0000000008003596       0x28 ./Drivers/STM32F4xx_HAL_Driver/Src/stm32f4xx_hal_uart.o
 .text.UART_Transmit_IT
                0x00000000080035be       0xa0 ./Drivers/STM32F4xx_HAL_Driver/Src/stm32f4xx_hal_uart.o
 .text.UART_EndTransmit_IT
                0x000000000800365e       0x30 ./Drivers/STM32F4xx_HAL_Driver/Src/stm32f4xx_hal_uart.o
 .text.UART_Receive_IT
                0x000000000800368e      0x176 ./Drivers/STM32F4xx_HAL_Driver/Src/stm32f4xx_hal_uart.o
 .text.UART_SetConfig
                0x0000000008003804      0x4e8 ./Drivers/STM32F4xx_HAL_Driver/Src/stm32f4xx_hal_uart.o
 .text.__libc_init_array
                0x0000000008003cec       0x48 e:/stm32cubeide_1.12.0/stm32cubeide/plugins/com.st.stm32cube.ide.mcu.externaltools.gnu-tools-for-stm32.10.3-2021.10.win32_1.0.200.202301161003/tools/bin/../lib/gcc/arm-none-eabi/10.3.1/../../../../arm-none-eabi/lib/thumb/v7e-m+fp/hard\libc_nano.a(lib_a-init.o)
                0x0000000008003cec                __libc_init_array
 .text.memcpy   0x0000000008003d34       0x1c e:/stm32cubeide_1.12.0/stm32cubeide/plugins/com.st.stm32cube.ide.mcu.externaltools.gnu-tools-for-stm32.10.3-2021.10.win32_1.0.200.202301161003/tools/bin/../lib/gcc/arm-none-eabi/10.3.1/../../../../arm-none-eabi/lib/thumb/v7e-m+fp/hard\libc_nano.a(lib_a-memcpy-stub.o)
                0x0000000008003d34                memcpy
 .text.memset   0x0000000008003d50       0x10 e:/stm32cubeide_1.12.0/stm32cubeide/plugins/com.st.stm32cube.ide.mcu.externaltools.gnu-tools-for-stm32.10.3-2021.10.win32_1.0.200.202301161003/tools/bin/../lib/gcc/arm-none-eabi/10.3.1/../../../../arm-none-eabi/lib/thumb/v7e-m+fp/hard\libc_nano.a(lib_a-memset.o)
                0x0000000008003d50                memset
 *(.glue_7)
 .glue_7        0x0000000008003d60        0x0 linker stubs
 *(.glue_7t)
 .glue_7t       0x0000000008003d60        0x0 linker stubs
 *(.eh_frame)
 .eh_frame      0x0000000008003d60        0x0 e:/stm32cubeide_1.12.0/stm32cubeide/plugins/com.st.stm32cube.ide.mcu.externaltools.gnu-tools-for-stm32.10.3-2021.10.win32_1.0.200.202301161003/tools/bin/../lib/gcc/arm-none-eabi/10.3.1/thumb/v7e-m+fp/hard/crtbegin.o
 *(.init)
 .init          0x0000000008003d60        0x4 e:/stm32cubeide_1.12.0/stm32cubeide/plugins/com.st.stm32cube.ide.mcu.externaltools.gnu-tools-for-stm32.10.3-2021.10.win32_1.0.200.202301161003/tools/bin/../lib/gcc/arm-none-eabi/10.3.1/thumb/v7e-m+fp/hard/crti.o
                0x0000000008003d60                _init
 .init          0x0000000008003d64        0x8 e:/stm32cubeide_1.12.0/stm32cubeide/plugins/com.st.stm32cube.ide.mcu.externaltools.gnu-tools-for-stm32.10.3-2021.10.win32_1.0.200.202301161003/tools/bin/../lib/gcc/arm-none-eabi/10.3.1/thumb/v7e-m+fp/hard/crtn.o
 *(.fini)
 .fini          0x0000000008003d6c        0x4 e:/stm32cubeide_1.12.0/stm32cubeide/plugins/com.st.stm32cube.ide.mcu.externaltools.gnu-tools-for-stm32.10.3-2021.10.win32_1.0.200.202301161003/tools/bin/../lib/gcc/arm-none-eabi/10.3.1/thumb/v7e-m+fp/hard/crti.o
                0x0000000008003d6c                _fini
 .fini          0x0000000008003d70        0x8 e:/stm32cubeide_1.12.0/stm32cubeide/plugins/com.st.stm32cube.ide.mcu.externaltools.gnu-tools-for-stm32.10.3-2021.10.win32_1.0.200.202301161003/tools/bin/../lib/gcc/arm-none-eabi/10.3.1/thumb/v7e-m+fp/hard/crtn.o
                0x0000000008003d78                . = ALIGN (0x4)
                0x0000000008003d78                _etext = .

.vfp11_veneer   0x0000000008003d78        0x0
 .vfp11_veneer  0x0000000008003d78        0x0 linker stubs

.v4_bx          0x0000000008003d78        0x0
 .v4_bx         0x0000000008003d78        0x0 linker stubs

.iplt           0x0000000008003d78        0x0
 .iplt          0x0000000008003d78        0x0 e:/stm32cubeide_1.12.0/stm32cubeide/plugins/com.st.stm32cube.ide.mcu.externaltools.gnu-tools-for-stm32.10.3-2021.10.win32_1.0.200.202301161003/tools/bin/../lib/gcc/arm-none-eabi/10.3.1/thumb/v7e-m+fp/hard/crtbegin.o

.rodata         0x0000000008003d78       0x2c
                0x0000000008003d78                . = ALIGN (0x4)
 *(.rodata)
 .rodata        0x0000000008003d78        0xa ./Core/Src/main.o
 *(.rodata*)
 *fill*         0x0000000008003d82        0x2 
 .rodata.AHBPrescTable
                0x0000000008003d84       0x10 ./Core/Src/system_stm32f4xx.o
                0x0000000008003d84                AHBPrescTable
 .rodata.APBPrescTable
                0x0000000008003d94        0x8 ./Core/Src/system_stm32f4xx.o
                0x0000000008003d94                APBPrescTable
 .rodata.flagBitshiftOffset.0
                0x0000000008003d9c        0x8 ./Drivers/STM32F4xx_HAL_Driver/Src/stm32f4xx_hal_dma.o
                0x0000000008003da4                . = ALIGN (0x4)

.ARM.extab      0x0000000008003da4        0x0
                0x0000000008003da4                . = ALIGN (0x4)
 *(.ARM.extab* .gnu.linkonce.armextab.*)
                0x0000000008003da4                . = ALIGN (0x4)

.ARM            0x0000000008003da4        0x8
                0x0000000008003da4                . = ALIGN (0x4)
                0x0000000008003da4                __exidx_start = .
 *(.ARM.exidx*)
 .ARM.exidx     0x0000000008003da4        0x8 e:/stm32cubeide_1.12.0/stm32cubeide/plugins/com.st.stm32cube.ide.mcu.externaltools.gnu-tools-for-stm32.10.3-2021.10.win32_1.0.200.202301161003/tools/bin/../lib/gcc/arm-none-eabi/10.3.1/thumb/v7e-m+fp/hard\libgcc.a(_udivmoddi4.o)
                0x0000000008003dac                __exidx_end = .
                0x0000000008003dac                . = ALIGN (0x4)

.rel.dyn        0x0000000008003dac        0x0
 .rel.iplt      0x0000000008003dac        0x0 e:/stm32cubeide_1.12.0/stm32cubeide/plugins/com.st.stm32cube.ide.mcu.externaltools.gnu-tools-for-stm32.10.3-2021.10.win32_1.0.200.202301161003/tools/bin/../lib/gcc/arm-none-eabi/10.3.1/thumb/v7e-m+fp/hard/crtbegin.o

.preinit_array  0x0000000008003dac        0x0
                0x0000000008003dac                . = ALIGN (0x4)
                0x0000000008003dac                PROVIDE (__preinit_array_start = .)
 *(.preinit_array*)
                0x0000000008003dac                PROVIDE (__preinit_array_end = .)
                0x0000000008003dac                . = ALIGN (0x4)

.init_array     0x0000000008003dac        0x4
                0x0000000008003dac                . = ALIGN (0x4)
                0x0000000008003dac                PROVIDE (__init_array_start = .)
 *(SORT_BY_NAME(.init_array.*))
 *(.init_array*)
 .init_array    0x0000000008003dac        0x4 e:/stm32cubeide_1.12.0/stm32cubeide/plugins/com.st.stm32cube.ide.mcu.externaltools.gnu-tools-for-stm32.10.3-2021.10.win32_1.0.200.202301161003/tools/bin/../lib/gcc/arm-none-eabi/10.3.1/thumb/v7e-m+fp/hard/crtbegin.o
                0x0000000008003db0                PROVIDE (__init_array_end = .)
                0x0000000008003db0                . = ALIGN (0x4)

.fini_array     0x0000000008003db0        0x4
                0x0000000008003db0                . = ALIGN (0x4)
                [!provide]                        PROVIDE (__fini_array_start = .)
 *(SORT_BY_NAME(.fini_array.*))
 *(.fini_array*)
 .fini_array    0x0000000008003db0        0x4 e:/stm32cubeide_1.12.0/stm32cubeide/plugins/com.st.stm32cube.ide.mcu.externaltools.gnu-tools-for-stm32.10.3-2021.10.win32_1.0.200.202301161003/tools/bin/../lib/gcc/arm-none-eabi/10.3.1/thumb/v7e-m+fp/hard/crtbegin.o
                [!provide]                        PROVIDE (__fini_array_end = .)
                0x0000000008003db4                . = ALIGN (0x4)
                0x0000000008003db4                _sidata = LOADADDR (.data)

.data           0x0000000020000000       0x20 load address 0x0000000008003db4
                0x0000000020000000                . = ALIGN (0x4)
                0x0000000020000000                _sdata = .
 *(.data)
 *(.data*)
 .data.crc_ptr_rx
                0x0000000020000000        0x4 ./Core/Src/main.o
                0x0000000020000000                crc_ptr_rx
 .data.tamanio_a_recibir
                0x0000000020000004        0x4 ./Core/Src/main.o
                0x0000000020000004                tamanio_a_recibir
 .data.Encabezado_ptr_tx
                0x0000000020000008        0x4 ./Core/Src/main.o
                0x0000000020000008                Encabezado_ptr_tx
 .data.Encabezado_ptr_tx_ack
                0x000000002000000c        0x4 ./Core/Src/main.o
                0x000000002000000c                Encabezado_ptr_tx_ack
 .data.Encabezado_ptr_rx
                0x0000000020000010        0x4 ./Core/Src/main.o
                0x0000000020000010                Encabezado_ptr_rx
 .data.SystemCoreClock
                0x0000000020000014        0x4 ./Core/Src/system_stm32f4xx.o
                0x0000000020000014                SystemCoreClock
 .data.uwTickPrio
                0x0000000020000018        0x4 ./Drivers/STM32F4xx_HAL_Driver/Src/stm32f4xx_hal.o
                0x0000000020000018                uwTickPrio
 .data.uwTickFreq
                0x000000002000001c        0x1 ./Drivers/STM32F4xx_HAL_Driver/Src/stm32f4xx_hal.o
                0x000000002000001c                uwTickFreq
 *(.RamFunc)
 *(.RamFunc*)
                0x0000000020000020                . = ALIGN (0x4)
 *fill*         0x000000002000001d        0x3 
                0x0000000020000020                _edata = .

.igot.plt       0x0000000020000020        0x0 load address 0x0000000008003dd4
 .igot.plt      0x0000000020000020        0x0 e:/stm32cubeide_1.12.0/stm32cubeide/plugins/com.st.stm32cube.ide.mcu.externaltools.gnu-tools-for-stm32.10.3-2021.10.win32_1.0.200.202301161003/tools/bin/../lib/gcc/arm-none-eabi/10.3.1/thumb/v7e-m+fp/hard/crtbegin.o
                0x0000000020000020                . = ALIGN (0x4)

.bss            0x0000000020000020      0x33c load address 0x0000000008003dd4
                0x0000000020000020                _sbss = .
                0x0000000020000020                __bss_start__ = _sbss
 *(.bss)
 .bss           0x0000000020000020       0x1c e:/stm32cubeide_1.12.0/stm32cubeide/plugins/com.st.stm32cube.ide.mcu.externaltools.gnu-tools-for-stm32.10.3-2021.10.win32_1.0.200.202301161003/tools/bin/../lib/gcc/arm-none-eabi/10.3.1/thumb/v7e-m+fp/hard/crtbegin.o
 *(.bss*)
 .bss.hcrc      0x000000002000003c        0x8 ./Core/Src/main.o
                0x000000002000003c                hcrc
 .bss.huart2    0x0000000020000044       0x44 ./Core/Src/main.o
                0x0000000020000044                huart2
 .bss.huart6    0x0000000020000088       0x44 ./Core/Src/main.o
                0x0000000020000088                huart6
 .bss.hdma_usart2_rx
                0x00000000200000cc       0x60 ./Core/Src/main.o
                0x00000000200000cc                hdma_usart2_rx
 .bss.Valor_parseo
                0x000000002000012c        0x1 ./Core/Src/main.o
                0x000000002000012c                Valor_parseo
 *fill*         0x000000002000012d        0x3 
 .bss.Vector_recepcion
                0x0000000020000130       0x82 ./Core/Src/main.o
                0x0000000020000130                Vector_recepcion
 *fill*         0x00000000200001b2        0x2 
 .bss.Vector_recepcion_aux
                0x00000000200001b4        0x4 ./Core/Src/main.o
                0x00000000200001b4                Vector_recepcion_aux
 .bss.crc_rx    0x00000000200001b8        0x4 ./Core/Src/main.o
                0x00000000200001b8                crc_rx
 .bss.contador_recepcion
                0x00000000200001bc        0x1 ./Core/Src/main.o
                0x00000000200001bc                contador_recepcion
 *fill*         0x00000000200001bd        0x3 
 .bss.Payload   0x00000000200001c0        0x4 ./Core/Src/main.o
                0x00000000200001c0                Payload
 .bss.CRC_calc  0x00000000200001c4        0x4 ./Core/Src/main.o
                0x00000000200001c4                CRC_calc
 .bss.contador_crc
                0x00000000200001c8        0x4 ./Core/Src/main.o
                0x00000000200001c8                contador_crc
 .bss.paquete_listo
                0x00000000200001cc        0x1 ./Core/Src/main.o
                0x00000000200001cc                paquete_listo
 *fill*         0x00000000200001cd        0x3 
 .bss.i         0x00000000200001d0        0x4 ./Core/Src/main.o
                0x00000000200001d0                i
 .bss.Encabezado_tx
                0x00000000200001d4       0x80 ./Core/Src/main.o
                0x00000000200001d4                Encabezado_tx
 .bss.Encabezado_tx_ack
                0x0000000020000254       0x80 ./Core/Src/main.o
                0x0000000020000254                Encabezado_tx_ack
 .bss.Encabezado_rx
                0x00000000200002d4       0x80 ./Core/Src/main.o
                0x00000000200002d4                Encabezado_rx
 .bss.state_rs485.0
                0x0000000020000354        0x1 ./Core/Src/main.o
 *fill*         0x0000000020000355        0x3 
 .bss.uwTick    0x0000000020000358        0x4 ./Drivers/STM32F4xx_HAL_Driver/Src/stm32f4xx_hal.o
                0x0000000020000358                uwTick
 *(COMMON)
                0x000000002000035c                . = ALIGN (0x4)
                0x000000002000035c                _ebss = .
                0x000000002000035c                __bss_end__ = _ebss

._user_heap_stack
                0x000000002000035c      0x604 load address 0x0000000008003dd4
                0x0000000020000360                . = ALIGN (0x8)
 *fill*         0x000000002000035c        0x4 
                [!provide]                        PROVIDE (end = .)
                0x0000000020000360                PROVIDE (_end = .)
                0x0000000020000560                . = (. + _Min_Heap_Size)
 *fill*         0x0000000020000360      0x200 
                0x0000000020000960                . = (. + _Min_Stack_Size)
 *fill*         0x0000000020000560      0x400 
                0x0000000020000960                . = ALIGN (0x8)

/DISCARD/
 libc.a(*)
 libm.a(*)
 libgcc.a(*)

.ARM.attributes
                0x0000000000000000       0x30
 *(.ARM.attributes)
 .ARM.attributes
                0x0000000000000000       0x1e e:/stm32cubeide_1.12.0/stm32cubeide/plugins/com.st.stm32cube.ide.mcu.externaltools.gnu-tools-for-stm32.10.3-2021.10.win32_1.0.200.202301161003/tools/bin/../lib/gcc/arm-none-eabi/10.3.1/thumb/v7e-m+fp/hard/crti.o
 .ARM.attributes
                0x000000000000001e       0x34 e:/stm32cubeide_1.12.0/stm32cubeide/plugins/com.st.stm32cube.ide.mcu.externaltools.gnu-tools-for-stm32.10.3-2021.10.win32_1.0.200.202301161003/tools/bin/../lib/gcc/arm-none-eabi/10.3.1/thumb/v7e-m+fp/hard/crtbegin.o
 .ARM.attributes
                0x0000000000000052       0x34 ./Core/Src/main.o
 .ARM.attributes
                0x0000000000000086       0x34 ./Core/Src/stm32f4xx_hal_msp.o
 .ARM.attributes
                0x00000000000000ba       0x34 ./Core/Src/stm32f4xx_it.o
 .ARM.attributes
                0x00000000000000ee       0x34 ./Core/Src/system_stm32f4xx.o
 .ARM.attributes
                0x0000000000000122       0x21 ./Core/Startup/startup_stm32f401retx.o
 .ARM.attributes
                0x0000000000000143       0x34 ./Drivers/STM32F4xx_HAL_Driver/Src/stm32f4xx_hal.o
 .ARM.attributes
                0x0000000000000177       0x34 ./Drivers/STM32F4xx_HAL_Driver/Src/stm32f4xx_hal_cortex.o
 .ARM.attributes
                0x00000000000001ab       0x34 ./Drivers/STM32F4xx_HAL_Driver/Src/stm32f4xx_hal_crc.o
 .ARM.attributes
                0x00000000000001df       0x34 ./Drivers/STM32F4xx_HAL_Driver/Src/stm32f4xx_hal_dma.o
 .ARM.attributes
                0x0000000000000213       0x34 ./Drivers/STM32F4xx_HAL_Driver/Src/stm32f4xx_hal_gpio.o
 .ARM.attributes
                0x0000000000000247       0x34 ./Drivers/STM32F4xx_HAL_Driver/Src/stm32f4xx_hal_rcc.o
 .ARM.attributes
                0x000000000000027b       0x34 ./Drivers/STM32F4xx_HAL_Driver/Src/stm32f4xx_hal_uart.o
 .ARM.attributes
                0x00000000000002af       0x34 e:/stm32cubeide_1.12.0/stm32cubeide/plugins/com.st.stm32cube.ide.mcu.externaltools.gnu-tools-for-stm32.10.3-2021.10.win32_1.0.200.202301161003/tools/bin/../lib/gcc/arm-none-eabi/10.3.1/../../../../arm-none-eabi/lib/thumb/v7e-m+fp/hard\libc_nano.a(lib_a-init.o)
 .ARM.attributes
                0x00000000000002e3       0x34 e:/stm32cubeide_1.12.0/stm32cubeide/plugins/com.st.stm32cube.ide.mcu.externaltools.gnu-tools-for-stm32.10.3-2021.10.win32_1.0.200.202301161003/tools/bin/../lib/gcc/arm-none-eabi/10.3.1/../../../../arm-none-eabi/lib/thumb/v7e-m+fp/hard\libc_nano.a(lib_a-memcpy-stub.o)
 .ARM.attributes
                0x0000000000000317       0x34 e:/stm32cubeide_1.12.0/stm32cubeide/plugins/com.st.stm32cube.ide.mcu.externaltools.gnu-tools-for-stm32.10.3-2021.10.win32_1.0.200.202301161003/tools/bin/../lib/gcc/arm-none-eabi/10.3.1/../../../../arm-none-eabi/lib/thumb/v7e-m+fp/hard\libc_nano.a(lib_a-memset.o)
 .ARM.attributes
                0x000000000000034b       0x1e e:/stm32cubeide_1.12.0/stm32cubeide/plugins/com.st.stm32cube.ide.mcu.externaltools.gnu-tools-for-stm32.10.3-2021.10.win32_1.0.200.202301161003/tools/bin/../lib/gcc/arm-none-eabi/10.3.1/thumb/v7e-m+fp/hard\libgcc.a(_aeabi_uldivmod.o)
 .ARM.attributes
                0x0000000000000369       0x34 e:/stm32cubeide_1.12.0/stm32cubeide/plugins/com.st.stm32cube.ide.mcu.externaltools.gnu-tools-for-stm32.10.3-2021.10.win32_1.0.200.202301161003/tools/bin/../lib/gcc/arm-none-eabi/10.3.1/thumb/v7e-m+fp/hard\libgcc.a(_udivmoddi4.o)
 .ARM.attributes
                0x000000000000039d       0x1e e:/stm32cubeide_1.12.0/stm32cubeide/plugins/com.st.stm32cube.ide.mcu.externaltools.gnu-tools-for-stm32.10.3-2021.10.win32_1.0.200.202301161003/tools/bin/../lib/gcc/arm-none-eabi/10.3.1/thumb/v7e-m+fp/hard\libgcc.a(_dvmd_tls.o)
 .ARM.attributes
                0x00000000000003bb       0x1e e:/stm32cubeide_1.12.0/stm32cubeide/plugins/com.st.stm32cube.ide.mcu.externaltools.gnu-tools-for-stm32.10.3-2021.10.win32_1.0.200.202301161003/tools/bin/../lib/gcc/arm-none-eabi/10.3.1/thumb/v7e-m+fp/hard/crtn.o
OUTPUT(UART_CSE.elf elf32-littlearm)
LOAD linker stubs
LOAD e:/stm32cubeide_1.12.0/stm32cubeide/plugins/com.st.stm32cube.ide.mcu.externaltools.gnu-tools-for-stm32.10.3-2021.10.win32_1.0.200.202301161003/tools/bin/../lib/gcc/arm-none-eabi/10.3.1/../../../../arm-none-eabi/lib/thumb/v7e-m+fp/hard\libc.a
LOAD e:/stm32cubeide_1.12.0/stm32cubeide/plugins/com.st.stm32cube.ide.mcu.externaltools.gnu-tools-for-stm32.10.3-2021.10.win32_1.0.200.202301161003/tools/bin/../lib/gcc/arm-none-eabi/10.3.1/../../../../arm-none-eabi/lib/thumb/v7e-m+fp/hard\libm.a
LOAD e:/stm32cubeide_1.12.0/stm32cubeide/plugins/com.st.stm32cube.ide.mcu.externaltools.gnu-tools-for-stm32.10.3-2021.10.win32_1.0.200.202301161003/tools/bin/../lib/gcc/arm-none-eabi/10.3.1/thumb/v7e-m+fp/hard\libgcc.a

.debug_info     0x0000000000000000     0x93bf
 .debug_info    0x0000000000000000     0x140c ./Core/Src/main.o
 .debug_info    0x000000000000140c      0xd75 ./Core/Src/stm32f4xx_hal_msp.o
 .debug_info    0x0000000000002181      0x68e ./Core/Src/stm32f4xx_it.o
 .debug_info    0x000000000000280f      0x54f ./Core/Src/system_stm32f4xx.o
 .debug_info    0x0000000000002d5e       0x22 ./Core/Startup/startup_stm32f401retx.o
 .debug_info    0x0000000000002d80      0x906 ./Drivers/STM32F4xx_HAL_Driver/Src/stm32f4xx_hal.o
 .debug_info    0x0000000000003686      0xd85 ./Drivers/STM32F4xx_HAL_Driver/Src/stm32f4xx_hal_cortex.o
 .debug_info    0x000000000000440b      0x39f ./Drivers/STM32F4xx_HAL_Driver/Src/stm32f4xx_hal_crc.o
 .debug_info    0x00000000000047aa      0x947 ./Drivers/STM32F4xx_HAL_Driver/Src/stm32f4xx_hal_dma.o
 .debug_info    0x00000000000050f1      0x78e ./Drivers/STM32F4xx_HAL_Driver/Src/stm32f4xx_hal_gpio.o
 .debug_info    0x000000000000587f      0x98c ./Drivers/STM32F4xx_HAL_Driver/Src/stm32f4xx_hal_rcc.o
 .debug_info    0x000000000000620b     0x31b4 ./Drivers/STM32F4xx_HAL_Driver/Src/stm32f4xx_hal_uart.o

.debug_abbrev   0x0000000000000000     0x182c
 .debug_abbrev  0x0000000000000000      0x32a ./Core/Src/main.o
 .debug_abbrev  0x000000000000032a      0x212 ./Core/Src/stm32f4xx_hal_msp.o
 .debug_abbrev  0x000000000000053c      0x177 ./Core/Src/stm32f4xx_it.o
 .debug_abbrev  0x00000000000006b3      0x116 ./Core/Src/system_stm32f4xx.o
 .debug_abbrev  0x00000000000007c9       0x12 ./Core/Startup/startup_stm32f401retx.o
 .debug_abbrev  0x00000000000007db      0x23e ./Drivers/STM32F4xx_HAL_Driver/Src/stm32f4xx_hal.o
 .debug_abbrev  0x0000000000000a19      0x316 ./Drivers/STM32F4xx_HAL_Driver/Src/stm32f4xx_hal_cortex.o
 .debug_abbrev  0x0000000000000d2f      0x16f ./Drivers/STM32F4xx_HAL_Driver/Src/stm32f4xx_hal_crc.o
 .debug_abbrev  0x0000000000000e9e      0x21b ./Drivers/STM32F4xx_HAL_Driver/Src/stm32f4xx_hal_dma.o
 .debug_abbrev  0x00000000000010b9      0x1c4 ./Drivers/STM32F4xx_HAL_Driver/Src/stm32f4xx_hal_gpio.o
 .debug_abbrev  0x000000000000127d      0x2aa ./Drivers/STM32F4xx_HAL_Driver/Src/stm32f4xx_hal_rcc.o
 .debug_abbrev  0x0000000000001527      0x305 ./Drivers/STM32F4xx_HAL_Driver/Src/stm32f4xx_hal_uart.o

.debug_aranges  0x0000000000000000      0x748
 .debug_aranges
                0x0000000000000000       0x80 ./Core/Src/main.o
 .debug_aranges
                0x0000000000000080       0x40 ./Core/Src/stm32f4xx_hal_msp.o
 .debug_aranges
                0x00000000000000c0       0x70 ./Core/Src/stm32f4xx_it.o
 .debug_aranges
                0x0000000000000130       0x28 ./Core/Src/system_stm32f4xx.o
 .debug_aranges
                0x0000000000000158       0x28 ./Core/Startup/startup_stm32f401retx.o
 .debug_aranges
                0x0000000000000180       0xf0 ./Drivers/STM32F4xx_HAL_Driver/Src/stm32f4xx_hal.o
 .debug_aranges
                0x0000000000000270      0x118 ./Drivers/STM32F4xx_HAL_Driver/Src/stm32f4xx_hal_cortex.o
 .debug_aranges
                0x0000000000000388       0x50 ./Drivers/STM32F4xx_HAL_Driver/Src/stm32f4xx_hal_crc.o
 .debug_aranges
                0x00000000000003d8       0x90 ./Drivers/STM32F4xx_HAL_Driver/Src/stm32f4xx_hal_dma.o
 .debug_aranges
                0x0000000000000468       0x58 ./Drivers/STM32F4xx_HAL_Driver/Src/stm32f4xx_hal_gpio.o
 .debug_aranges
                0x00000000000004c0       0x88 ./Drivers/STM32F4xx_HAL_Driver/Src/stm32f4xx_hal_rcc.o
 .debug_aranges
                0x0000000000000548      0x200 ./Drivers/STM32F4xx_HAL_Driver/Src/stm32f4xx_hal_uart.o

.debug_ranges   0x0000000000000000      0x6c0
 .debug_ranges  0x0000000000000000       0x70 ./Core/Src/main.o
 .debug_ranges  0x0000000000000070       0x30 ./Core/Src/stm32f4xx_hal_msp.o
 .debug_ranges  0x00000000000000a0       0x60 ./Core/Src/stm32f4xx_it.o
 .debug_ranges  0x0000000000000100       0x18 ./Core/Src/system_stm32f4xx.o
 .debug_ranges  0x0000000000000118       0x20 ./Core/Startup/startup_stm32f401retx.o
 .debug_ranges  0x0000000000000138       0xe0 ./Drivers/STM32F4xx_HAL_Driver/Src/stm32f4xx_hal.o
 .debug_ranges  0x0000000000000218      0x108 ./Drivers/STM32F4xx_HAL_Driver/Src/stm32f4xx_hal_cortex.o
 .debug_ranges  0x0000000000000320       0x40 ./Drivers/STM32F4xx_HAL_Driver/Src/stm32f4xx_hal_crc.o
 .debug_ranges  0x0000000000000360       0x80 ./Drivers/STM32F4xx_HAL_Driver/Src/stm32f4xx_hal_dma.o
 .debug_ranges  0x00000000000003e0       0x48 ./Drivers/STM32F4xx_HAL_Driver/Src/stm32f4xx_hal_gpio.o
 .debug_ranges  0x0000000000000428       0x78 ./Drivers/STM32F4xx_HAL_Driver/Src/stm32f4xx_hal_rcc.o
 .debug_ranges  0x00000000000004a0      0x220 ./Drivers/STM32F4xx_HAL_Driver/Src/stm32f4xx_hal_uart.o

.debug_macro    0x0000000000000000    0x15313
 .debug_macro   0x0000000000000000      0x2bc ./Core/Src/main.o
 .debug_macro   0x00000000000002bc      0xa78 ./Core/Src/main.o
 .debug_macro   0x0000000000000d34      0x29b ./Core/Src/main.o
 .debug_macro   0x0000000000000fcf       0x2e ./Core/Src/main.o
 .debug_macro   0x0000000000000ffd       0x28 ./Core/Src/main.o
 .debug_macro   0x0000000000001025       0x22 ./Core/Src/main.o
 .debug_macro   0x0000000000001047       0x8e ./Core/Src/main.o
 .debug_macro   0x00000000000010d5       0x51 ./Core/Src/main.o
 .debug_macro   0x0000000000001126      0x103 ./Core/Src/main.o
 .debug_macro   0x0000000000001229       0x6a ./Core/Src/main.o
 .debug_macro   0x0000000000001293      0x1df ./Core/Src/main.o
 .debug_macro   0x0000000000001472       0x1c ./Core/Src/main.o
 .debug_macro   0x000000000000148e       0x22 ./Core/Src/main.o
 .debug_macro   0x00000000000014b0       0xd9 ./Core/Src/main.o
 .debug_macro   0x0000000000001589     0x102d ./Core/Src/main.o
 .debug_macro   0x00000000000025b6      0x11f ./Core/Src/main.o
 .debug_macro   0x00000000000026d5     0xb86c ./Core/Src/main.o
 .debug_macro   0x000000000000df41       0x6d ./Core/Src/main.o
 .debug_macro   0x000000000000dfae     0x367e ./Core/Src/main.o
 .debug_macro   0x000000000001162c      0x174 ./Core/Src/main.o
 .debug_macro   0x00000000000117a0       0x5c ./Core/Src/main.o
 .debug_macro   0x00000000000117fc      0x416 ./Core/Src/main.o
 .debug_macro   0x0000000000011c12      0x9fe ./Core/Src/main.o
 .debug_macro   0x0000000000012610      0x115 ./Core/Src/main.o
 .debug_macro   0x0000000000012725       0xf8 ./Core/Src/main.o
 .debug_macro   0x000000000001281d       0xa5 ./Core/Src/main.o
 .debug_macro   0x00000000000128c2      0x15f ./Core/Src/main.o
 .debug_macro   0x0000000000012a21      0x287 ./Core/Src/main.o
 .debug_macro   0x0000000000012ca8       0x5f ./Core/Src/main.o
 .debug_macro   0x0000000000012d07      0x236 ./Core/Src/main.o
 .debug_macro   0x0000000000012f3d       0x22 ./Core/Src/main.o
 .debug_macro   0x0000000000012f5f      0x132 ./Core/Src/main.o
 .debug_macro   0x0000000000013091      0x264 ./Core/Src/main.o
 .debug_macro   0x00000000000132f5       0x2e ./Core/Src/main.o
 .debug_macro   0x0000000000013323      0x11a ./Core/Src/main.o
 .debug_macro   0x000000000001343d       0x85 ./Core/Src/main.o
 .debug_macro   0x00000000000134c2       0x89 ./Core/Src/main.o
 .debug_macro   0x000000000001354b      0x295 ./Core/Src/main.o
 .debug_macro   0x00000000000137e0      0x126 ./Core/Src/main.o
 .debug_macro   0x0000000000013906       0x58 ./Core/Src/main.o
 .debug_macro   0x000000000001395e       0x22 ./Core/Src/main.o
 .debug_macro   0x0000000000013980       0x52 ./Core/Src/main.o
 .debug_macro   0x00000000000139d2       0x1e ./Core/Src/main.o
 .debug_macro   0x00000000000139f0       0x3c ./Core/Src/main.o
 .debug_macro   0x0000000000013a2c       0x34 ./Core/Src/main.o
 .debug_macro   0x0000000000013a60       0x16 ./Core/Src/main.o
 .debug_macro   0x0000000000013a76       0x43 ./Core/Src/main.o
 .debug_macro   0x0000000000013ab9       0x34 ./Core/Src/main.o
 .debug_macro   0x0000000000013aed       0x10 ./Core/Src/main.o
 .debug_macro   0x0000000000013afd       0x58 ./Core/Src/main.o
 .debug_macro   0x0000000000013b55       0x71 ./Core/Src/main.o
 .debug_macro   0x0000000000013bc6       0x1c ./Core/Src/main.o
 .debug_macro   0x0000000000013be2      0x12a ./Core/Src/main.o
 .debug_macro   0x0000000000013d0c      0x341 ./Core/Src/main.o
 .debug_macro   0x000000000001404d       0x10 ./Core/Src/main.o
 .debug_macro   0x000000000001405d       0x35 ./Core/Src/main.o
 .debug_macro   0x0000000000014092       0x20 ./Core/Src/main.o
 .debug_macro   0x00000000000140b2      0x1d3 ./Core/Src/stm32f4xx_hal_msp.o
 .debug_macro   0x0000000000014285      0x1dd ./Core/Src/stm32f4xx_it.o
 .debug_macro   0x0000000000014462      0x1c4 ./Core/Src/system_stm32f4xx.o
 .debug_macro   0x0000000000014626      0x224 ./Drivers/STM32F4xx_HAL_Driver/Src/stm32f4xx_hal.o
 .debug_macro   0x000000000001484a      0x1c4 ./Drivers/STM32F4xx_HAL_Driver/Src/stm32f4xx_hal_cortex.o
 .debug_macro   0x0000000000014a0e      0x1c4 ./Drivers/STM32F4xx_HAL_Driver/Src/stm32f4xx_hal_crc.o
 .debug_macro   0x0000000000014bd2      0x1ca ./Drivers/STM32F4xx_HAL_Driver/Src/stm32f4xx_hal_dma.o
 .debug_macro   0x0000000000014d9c      0x1ca ./Drivers/STM32F4xx_HAL_Driver/Src/stm32f4xx_hal_gpio.o
 .debug_macro   0x0000000000014f66      0x1e8 ./Drivers/STM32F4xx_HAL_Driver/Src/stm32f4xx_hal_rcc.o
 .debug_macro   0x000000000001514e      0x1c5 ./Drivers/STM32F4xx_HAL_Driver/Src/stm32f4xx_hal_uart.o

.debug_line     0x0000000000000000     0x90d1
 .debug_line    0x0000000000000000      0xbac ./Core/Src/main.o
 .debug_line    0x0000000000000bac      0x780 ./Core/Src/stm32f4xx_hal_msp.o
 .debug_line    0x000000000000132c      0x790 ./Core/Src/stm32f4xx_it.o
 .debug_line    0x0000000000001abc      0x71f ./Core/Src/system_stm32f4xx.o
 .debug_line    0x00000000000021db       0x88 ./Core/Startup/startup_stm32f401retx.o
 .debug_line    0x0000000000002263      0x985 ./Drivers/STM32F4xx_HAL_Driver/Src/stm32f4xx_hal.o
 .debug_line    0x0000000000002be8      0xc34 ./Drivers/STM32F4xx_HAL_Driver/Src/stm32f4xx_hal_cortex.o
 .debug_line    0x000000000000381c      0x7e4 ./Drivers/STM32F4xx_HAL_Driver/Src/stm32f4xx_hal_crc.o
 .debug_line    0x0000000000004000      0xee9 ./Drivers/STM32F4xx_HAL_Driver/Src/stm32f4xx_hal_dma.o
 .debug_line    0x0000000000004ee9      0xabd ./Drivers/STM32F4xx_HAL_Driver/Src/stm32f4xx_hal_gpio.o
 .debug_line    0x00000000000059a6      0xd01 ./Drivers/STM32F4xx_HAL_Driver/Src/stm32f4xx_hal_rcc.o
 .debug_line    0x00000000000066a7     0x2a2a ./Drivers/STM32F4xx_HAL_Driver/Src/stm32f4xx_hal_uart.o

.debug_str      0x0000000000000000    0x84324
 .debug_str     0x0000000000000000    0x82a9b ./Core/Src/main.o
                                      0x82d9c (size before relaxing)
 .debug_str     0x0000000000082a9b       0xcf ./Core/Src/stm32f4xx_hal_msp.o
                                      0x7fae3 (size before relaxing)
 .debug_str     0x0000000000082b6a      0x11a ./Core/Src/stm32f4xx_it.o
                                      0x7f503 (size before relaxing)
 .debug_str     0x0000000000082c84       0xdb ./Core/Src/system_stm32f4xx.o
                                      0x7f057 (size before relaxing)
 .debug_str     0x0000000000082d5f       0x36 ./Core/Startup/startup_stm32f401retx.o
                                         0x73 (size before relaxing)
 .debug_str     0x0000000000082d95      0x5f0 ./Drivers/STM32F4xx_HAL_Driver/Src/stm32f4xx_hal.o
                                      0x7fa79 (size before relaxing)
 .debug_str     0x0000000000083385      0x32d ./Drivers/STM32F4xx_HAL_Driver/Src/stm32f4xx_hal_cortex.o
                                      0x7f79a (size before relaxing)
 .debug_str     0x00000000000836b2       0x8b ./Drivers/STM32F4xx_HAL_Driver/Src/stm32f4xx_hal_crc.o
                                      0x7f073 (size before relaxing)
 .debug_str     0x000000000008373d      0x2f9 ./Drivers/STM32F4xx_HAL_Driver/Src/stm32f4xx_hal_dma.o
                                      0x7f45f (size before relaxing)
 .debug_str     0x0000000000083a36      0x11c ./Drivers/STM32F4xx_HAL_Driver/Src/stm32f4xx_hal_gpio.o
                                      0x7f1d2 (size before relaxing)
 .debug_str     0x0000000000083b52      0x233 ./Drivers/STM32F4xx_HAL_Driver/Src/stm32f4xx_hal_rcc.o
                                      0x7f48b (size before relaxing)
 .debug_str     0x0000000000083d85      0x59f ./Drivers/STM32F4xx_HAL_Driver/Src/stm32f4xx_hal_uart.o
                                      0x7fa18 (size before relaxing)

.comment        0x0000000000000000       0x50
 .comment       0x0000000000000000       0x50 ./Core/Src/main.o
                                         0x51 (size before relaxing)
 .comment       0x0000000000000050       0x51 ./Core/Src/stm32f4xx_hal_msp.o
 .comment       0x0000000000000050       0x51 ./Core/Src/stm32f4xx_it.o
 .comment       0x0000000000000050       0x51 ./Core/Src/system_stm32f4xx.o
 .comment       0x0000000000000050       0x51 ./Drivers/STM32F4xx_HAL_Driver/Src/stm32f4xx_hal.o
 .comment       0x0000000000000050       0x51 ./Drivers/STM32F4xx_HAL_Driver/Src/stm32f4xx_hal_cortex.o
 .comment       0x0000000000000050       0x51 ./Drivers/STM32F4xx_HAL_Driver/Src/stm32f4xx_hal_crc.o
 .comment       0x0000000000000050       0x51 ./Drivers/STM32F4xx_HAL_Driver/Src/stm32f4xx_hal_dma.o
 .comment       0x0000000000000050       0x51 ./Drivers/STM32F4xx_HAL_Driver/Src/stm32f4xx_hal_gpio.o
 .comment       0x0000000000000050       0x51 ./Drivers/STM32F4xx_HAL_Driver/Src/stm32f4xx_hal_rcc.o
 .comment       0x0000000000000050       0x51 ./Drivers/STM32F4xx_HAL_Driver/Src/stm32f4xx_hal_uart.o

.debug_frame    0x0000000000000000     0x1ccc
 .debug_frame   0x0000000000000000      0x1b0 ./Core/Src/main.o
 .debug_frame   0x00000000000001b0       0xcc ./Core/Src/stm32f4xx_hal_msp.o
 .debug_frame   0x000000000000027c      0x13c ./Core/Src/stm32f4xx_it.o
 .debug_frame   0x00000000000003b8       0x58 ./Core/Src/system_stm32f4xx.o
 .debug_frame   0x0000000000000410      0x374 ./Drivers/STM32F4xx_HAL_Driver/Src/stm32f4xx_hal.o
 .debug_frame   0x0000000000000784      0x498 ./Drivers/STM32F4xx_HAL_Driver/Src/stm32f4xx_hal_cortex.o
 .debug_frame   0x0000000000000c1c      0x120 ./Drivers/STM32F4xx_HAL_Driver/Src/stm32f4xx_hal_crc.o
 .debug_frame   0x0000000000000d3c      0x250 ./Drivers/STM32F4xx_HAL_Driver/Src/stm32f4xx_hal_dma.o
 .debug_frame   0x0000000000000f8c      0x14c ./Drivers/STM32F4xx_HAL_Driver/Src/stm32f4xx_hal_gpio.o
 .debug_frame   0x00000000000010d8      0x1f4 ./Drivers/STM32F4xx_HAL_Driver/Src/stm32f4xx_hal_rcc.o
 .debug_frame   0x00000000000012cc      0x92c ./Drivers/STM32F4xx_HAL_Driver/Src/stm32f4xx_hal_uart.o
 .debug_frame   0x0000000000001bf8       0x2c e:/stm32cubeide_1.12.0/stm32cubeide/plugins/com.st.stm32cube.ide.mcu.externaltools.gnu-tools-for-stm32.10.3-2021.10.win32_1.0.200.202301161003/tools/bin/../lib/gcc/arm-none-eabi/10.3.1/../../../../arm-none-eabi/lib/thumb/v7e-m+fp/hard\libc_nano.a(lib_a-init.o)
 .debug_frame   0x0000000000001c24       0x28 e:/stm32cubeide_1.12.0/stm32cubeide/plugins/com.st.stm32cube.ide.mcu.externaltools.gnu-tools-for-stm32.10.3-2021.10.win32_1.0.200.202301161003/tools/bin/../lib/gcc/arm-none-eabi/10.3.1/../../../../arm-none-eabi/lib/thumb/v7e-m+fp/hard\libc_nano.a(lib_a-memcpy-stub.o)
 .debug_frame   0x0000000000001c4c       0x20 e:/stm32cubeide_1.12.0/stm32cubeide/plugins/com.st.stm32cube.ide.mcu.externaltools.gnu-tools-for-stm32.10.3-2021.10.win32_1.0.200.202301161003/tools/bin/../lib/gcc/arm-none-eabi/10.3.1/../../../../arm-none-eabi/lib/thumb/v7e-m+fp/hard\libc_nano.a(lib_a-memset.o)
 .debug_frame   0x0000000000001c6c       0x2c e:/stm32cubeide_1.12.0/stm32cubeide/plugins/com.st.stm32cube.ide.mcu.externaltools.gnu-tools-for-stm32.10.3-2021.10.win32_1.0.200.202301161003/tools/bin/../lib/gcc/arm-none-eabi/10.3.1/thumb/v7e-m+fp/hard\libgcc.a(_aeabi_uldivmod.o)
 .debug_frame   0x0000000000001c98       0x34 e:/stm32cubeide_1.12.0/stm32cubeide/plugins/com.st.stm32cube.ide.mcu.externaltools.gnu-tools-for-stm32.10.3-2021.10.win32_1.0.200.202301161003/tools/bin/../lib/gcc/arm-none-eabi/10.3.1/thumb/v7e-m+fp/hard\libgcc.a(_udivmoddi4.o)
