../Core/Src/main.c:143:5:main	16	static
../Core/Src/main.c:320:6:SystemClock_Config	88	static
../Core/Src/main.c:367:13:MX_CRC_Init	8	static
../Core/Src/main.c:393:13:MX_USART1_UART_Init	8	static
../Core/Src/main.c:426:13:MX_USART2_UART_Init	8	static
../Core/Src/main.c:459:13:MX_USART6_UART_Init	8	static
../Core/Src/main.c:490:13:MX_DMA_Init	16	static
../Core/Src/main.c:508:13:MX_GPIO_Init	48	static
../Core/Src/main.c:542:9:convertir_ascii	24	static
../Core/Src/main.c:550:8:Receive_handler	16	static
../Core/Src/main.c:620:6:print	8	static
../Core/Src/main.c:624:6:send_ack	16	static
../Core/Src/main.c:655:6:HAL_UART_RxCpltCallback	16	static
../Core/Src/main.c:723:6:Error_Handler	4	static,ignoring_inline_asm
