../Core/Src/main.c:138:5:main	16	static
../Core/Src/main.c:303:6:SystemClock_Config	88	static
../Core/Src/main.c:350:13:MX_CRC_Init	8	static
../Core/Src/main.c:376:13:MX_USART2_UART_Init	8	static
../Core/Src/main.c:409:13:MX_USART6_UART_Init	8	static
../Core/Src/main.c:440:13:MX_DMA_Init	16	static
../Core/Src/main.c:458:13:MX_GPIO_Init	48	static
../Core/Src/main.c:492:9:convertir_ascii	24	static
../Core/Src/main.c:500:8:Receive_handler	8	static
../Core/Src/main.c:539:6:print	8	static
../Core/Src/main.c:543:6:send_ack	16	static
../Core/Src/main.c:571:6:HAL_UARTEx_RxEventCallback	16	static
../Core/Src/main.c:636:6:Error_Handler	4	static,ignoring_inline_asm
